// Jest Snapshot v1, https://goo.gl/fbAQLP

exports[`Reducer data flow initial state should match a snapshot 1`] = `
Object {
  "fetching": true,
  "segments": Array [],
  "selectedDay": undefined,
  "tempScale": "F",
}
`;
